30
1 15
3 2
11 17
7 10
8 14
4 6
5 12
9 16
13 25
24 22
18 29
20 23
19 33
21 38
39 26
28 36
31 40
37 35
44 46
30 32
53 42
47 48
51 55
27 50
34 58
49 45
41 59
56 43
60 52
54 57
