issue_15: Round #1
issue_15: Round #2
issue_15: Round #3
issue_15: Round #4
issue_15: Round #5
issue_15: Round #6
issue_15: Round #7
issue_15: Round #8
issue_15: Round #9
issue_15: Round #10
issue_15: Round #11

